........................................................................ [ 11%]
........................................................................ [ 23%]
........................................................................ [ 35%]
........................................................................ [ 46%]
........................................................................ [ 58%]
........................................................................ [ 70%]
........................................................................ [ 81%]
........................................................................ [ 93%]
.........................................                                [100%]
=============================== warnings summary ===============================
.venv/lib/python3.12/site-packages/fastapi/testclient.py:1
  /workspace/JournalPulse/.venv/lib/python3.12/site-packages/fastapi/testclient.py:1: StarletteDeprecationWarning: Using `httpx` with `starlette.testclient` is deprecated; install `httpx2` instead.
    from starlette.testclient import TestClient as TestClient  # noqa

-- Docs: https://docs.pytest.org/en/stable/how-to/capture-warnings.html
================================ tests coverage ================================
_______________ coverage: platform linux, python 3.12.14-final-0 _______________

Name                                     Stmts   Miss Branch BrPart  Cover   Missing
------------------------------------------------------------------------------------
src/journalpulse/__init__.py                 2      0      0      0   100%
src/journalpulse/activity_chat.py           58      2     16      2    95%   124, 199
src/journalpulse/activity_lifecycle.py      48      4     30      5    88%   22, 30->78, 37, 63, 77
src/journalpulse/activity_models.py        127      3      6      3    95%   68, 74, 76
src/journalpulse/activity_resources.py     190      7     64      8    94%   84, 99, 101, 221, 223, 322, 324->326, 396
src/journalpulse/activity_sessions.py      182     31     56     18    79%   72, 77, 120, 124, 149, 151, 177-178, 185-188, 215, 228, 233, 236, 239-240, 242, 244, 331, 336, 338, 342->348, 361, 364, 376-377, 389-404
src/journalpulse/api.py                    271     18     50      7    92%   139, 213-214, 236, 246-247, 249-250, 313-314, 371-372, 417-418, 535-536, 541, 598, 600->603
src/journalpulse/auth.py                    42      2     14      0    96%   64-65
src/journalpulse/config.py                 103      5     38      6    92%   44->40, 110, 112, 114, 122, 124
src/journalpulse/conversations.py          304     13     80      7    95%   267, 281, 308, 310, 312, 373->386, 407, 626, 668-669, 728, 777-778, 826
src/journalpulse/discovery.py              184     14     54     13    89%   142, 148, 151, 171, 178, 265, 267, 272, 282, 332, 345, 347, 350, 353
src/journalpulse/discovery_models.py        81      1     18      2    97%   62->68, 65
src/journalpulse/discovery_prompts.py        2      0      0      0   100%
src/journalpulse/domain.py                 275      6     14      6    96%   90, 161, 195, 371, 379, 381
src/journalpulse/evaluation.py             130     24     42      8    81%   62, 64, 153->155, 155->163, 158-162, 176, 192-194, 207-221, 228
src/journalpulse/guided.py                  36      1      6      1    95%   73
src/journalpulse/guided_action.py           87     11     24     11    80%   46, 50, 97, 99, 101, 103, 128, 135, 141, 144, 146
src/journalpulse/guided_evaluation.py      525     56    194     31    87%   98, 100, 102, 104, 106, 108, 110, 130, 141, 148, 152, 423, 425, 426->432, 508, 516, 530, 572, 588->591, 622-623, 633-634, 661, 684, 719->681, 910, 948->947, 959->961, 961->963, 966, 997, 1039, 1333-1394, 1398
src/journalpulse/http_clients.py             9      0      2      0   100%
src/journalpulse/inline_discovery.py        92      4     28      4    93%   64, 120, 124, 170
src/journalpulse/intelligence.py           359      8    124     10    96%   246, 260->313, 304-305, 310->260, 314, 375, 398->400, 400->402, 768-769, 784
src/journalpulse/journal_models.py          48      1      4      1    96%   72
src/journalpulse/journals.py                69      1     14      0    99%   177
src/journalpulse/middleware.py             104      5     24      2    95%   44-46, 57, 83
src/journalpulse/persistence.py            842     84    270     34    88%   362, 366, 372, 414, 416, 453, 527-533, 552, 673, 766, 814, 827, 850, 1002, 1026-1027, 1044, 1109, 1260, 1330, 1340-1345, 1408, 1412-1423, 1426, 1428, 1433, 1641-1655, 1683-1684, 1694, 1782, 1784, 1800, 1809, 1811, 1814, 1824-1834, 1841, 1854-1874, 1884-1900, 1911-1930, 1940-1958, 1976-2012, 2024-2039, 2112-2115, 2277-2291, 2299-2300, 2365
src/journalpulse/policy.py                  21      1      8      1    93%   34
src/journalpulse/reflection_prompts.py       8      0      0      0   100%
src/journalpulse/resources.py               54      9     18      7    78%   24, 30, 35-36, 39, 42, 44, 49, 54
src/journalpulse/safety.py                  21      0      2      0   100%
src/journalpulse/self_report.py             16      0      4      0   100%
src/journalpulse/signing.py                 16      0      0      0   100%
------------------------------------------------------------------------------------
TOTAL                                     4306    311   1204    187    91%
Coverage XML written to file /workspace/journalpulse-planning/guided-action-search-fix-2026-10-05/backend-coverage.xml
Required test coverage of 80.0% reached. Total coverage: 90.67%
617 passed, 1 warning in 29.82s
