[WebServer] 05/Oct/2026:17:38:04 +0000: Starting PostgREST 12.2.12...
[WebServer] 05/Oct/2026:17:38:04 +0000: Listening on port 3301
[WebServer] 05/Oct/2026:17:38:04 +0000: Listening for notifications on the "pgrst" channel
[WebServer] 05/Oct/2026:17:38:04 +0000: Successfully connected to PostgreSQL 16.15 (Debian 16.15-1.pgdg12+2) on x86_64-pc-linux-gnu, compiled by gcc (Debian 12.2.0-14+deb12u1) 12.2.0, 64-bit
[WebServer] 05/Oct/2026:17:38:04 +0000: Config reloaded
[WebServer] 127.0.0.1 - anon [05/Oct/2026:17:38:04 +0000] "GET / HTTP/1.1" 503 - "" "python-httpx/0.28.1"
[WebServer] 05/Oct/2026:17:38:04 +0000: Schema cache queried in 4.5 milliseconds
[WebServer] 05/Oct/2026:17:38:04 +0000: Schema cache loaded 17 Relations, 29 Relationships, 29 Functions, 0 Domain Representations, 4 Media Type Handlers, 1198 Timezones
[WebServer] 05/Oct/2026:17:38:04 +0000: Schema cache loaded in 0.4 milliseconds
[WebServer] 05/Oct/2026:17:38:04 +0000: Successfully connected to PostgreSQL 16.15 (Debian 16.15-1.pgdg12+2) on x86_64-pc-linux-gnu, compiled by gcc (Debian 12.2.0-14+deb12u1) 12.2.0, 64-bit
[WebServer] 05/Oct/2026:17:38:04 +0000: Config reloaded
[WebServer] 05/Oct/2026:17:38:04 +0000: Schema cache queried in 5.3 milliseconds
[WebServer] 05/Oct/2026:17:38:04 +0000: Schema cache loaded 17 Relations, 29 Relationships, 29 Functions, 0 Domain Representations, 4 Media Type Handlers, 1198 Timezones
[WebServer] 05/Oct/2026:17:38:04 +0000: Schema cache loaded in 0.3 milliseconds
[WebServer] integration stack ready: api http://127.0.0.1:8100, gateway http://127.0.0.1:54321

Running 16 tests using 1 worker

(node:120290) Warning: The 'NO_COLOR' env is ignored due to the 'FORCE_COLOR' env being set.
(Use `node --trace-warnings ...` to show where the warning was created)
  ✓   1 [integration-chromium] › tests/integration/audit-upgrade.spec.ts:4:5 › an account change on the same chat URL discards private replies, drafts and inherited consent (4.2s)
  ✓   2 [integration-chromium] › tests/integration/audit-upgrade.spec.ts:64:5 › a linked chat opens an editable general search and returns with its source (3.6s)
  ✓   3 [integration-chromium] › tests/integration/audit-upgrade.spec.ts:110:5 › retry after a committed turn loses its response keeps one stored turn (4.0s)
  ✓   4 [integration-chromium] › tests/integration/connected-luna.spec.ts:28:5 › slice 1: save, reopen, reflect and delete standalone writing (6.2s)
  ✓   5 [integration-chromium] › tests/integration/connected-luna.spec.ts:63:5 › slice 2: selected journal context survives chat reload and source deletion invalidates it (4.9s)
  ✓   6 [integration-chromium] › tests/integration/connected-luna.spec.ts:92:5 › slice 3: approve a topic and refine results without repeating sources (2.2s)
  ✓   7 [integration-chromium] › tests/integration/guided-action.spec.ts:62:5 › meditation stays in chat and a paused session survives reload before an honest check-in (9.3s)
  ✓   8 [integration-chromium] › tests/integration/guided-action.spec.ts:116:5 › changing account while an activity is running removes its private panel and controls (4.3s)
  ✓   9 [integration-chromium] › tests/integration/loop.spec.ts:49:5 › the legacy guided loop runs against the real API and database (12.5s)
  ✓  10 [integration-chromium] › tests/integration/loop.spec.ts:130:5 › each person sees only their own journal and cannot write provenance directly (1.7s)
  ✓  11 [integration-chromium] › tests/integration/loop.spec.ts:157:5 › Just talk survives reload and later AI flags, then resumes with a fresh activity offer (7.4s)
  ✓  12 [integration-chromium] › tests/integration/loop.spec.ts:215:5 › a lost choice response can be retried without losing the draft or applying twice (4.5s)
  ✓  13 [integration-chromium] › tests/integration/loop.spec.ts:251:5 › a delayed browser response cannot replace a newer listening choice (3.6s)
  ✓  14 [integration-chromium] › tests/integration/loop.spec.ts:296:5 › idle chat text is purged by the scheduled job even if the person never returns (966ms)
  ✓  15 [integration-chromium] › tests/integration/loop.spec.ts:311:5 › a reply to a chat closed in another tab is refused by the database (2.5s)
  ✓  16 [integration-chromium] › tests/integration/loop.spec.ts:329:5 › the generation limit is enforced by the database, not the browser (4.7s)

  16 passed (1.3m)
npm notice
npm notice New major version of npm available! 11.9.0 -> 12.2.0
npm notice Changelog: https://github.com/npm/cli/releases/tag/v12.2.0
npm notice To update run: npm install -g npm@12.2.0
npm notice
