
> journalpulse-web@1.0.0 test:e2e
> playwright test

[WebServer] (node:49000) Warning: The 'NO_COLOR' env is ignored due to the 'FORCE_COLOR' env being set.
[WebServer] (Use `node --trace-warnings ...` to show where the warning was created)
[WebServer] (node:49001) Warning: The 'NO_COLOR' env is ignored due to the 'FORCE_COLOR' env being set.
[WebServer] (Use `node --trace-warnings ...` to show where the warning was created)

Running 46 tests using 5 workers

(node:49012) Warning: The 'NO_COLOR' env is ignored due to the 'FORCE_COLOR' env being set.
(Use `node --trace-warnings ...` to show where the warning was created)
(node:49011) Warning: The 'NO_COLOR' env is ignored due to the 'FORCE_COLOR' env being set.
(Use `node --trace-warnings ...` to show where the warning was created)
(node:49015) Warning: The 'NO_COLOR' env is ignored due to the 'FORCE_COLOR' env being set.
(Use `node --trace-warnings ...` to show where the warning was created)
(node:49014) Warning: The 'NO_COLOR' env is ignored due to the 'FORCE_COLOR' env being set.
(Use `node --trace-warnings ...` to show where the warning was created)
(node:49013) Warning: The 'NO_COLOR' env is ignored due to the 'FORCE_COLOR' env being set.
(Use `node --trace-warnings ...` to show where the warning was created)
  ✓   5 [mobile-chromium] › tests/e2e/accessibility.spec.ts:22:7 › /talk has no serious automated accessibility violations (1.6s)
  ✓   3 [mobile-chromium] › tests/e2e/accessibility.spec.ts:22:7 › /discover has no serious automated accessibility violations (1.8s)
  ✓   2 [mobile-chromium] › tests/e2e/accessibility.spec.ts:22:7 › / has no serious automated accessibility violations (1.8s)
  ✓   1 [mobile-chromium] › tests/e2e/accessibility.spec.ts:22:7 › /journey has no serious automated accessibility violations (1.8s)
  ✓   4 [mobile-chromium] › tests/e2e/accessibility.spec.ts:22:7 › /journal has no serious automated accessibility violations (1.8s)
  ✓  10 [mobile-chromium] › tests/e2e/core-flow.spec.ts:99:5 › the chat composer keeps pasted messages within the API's limit (852ms)
  ✓   7 [mobile-chromium] › tests/e2e/accessibility.spec.ts:22:7 › /welcome has no serious automated accessibility violations (1.2s)
  ✓   8 [mobile-chromium] › tests/e2e/accessibility.spec.ts:22:7 › /login has no serious automated accessibility violations (1.2s)
  ✓   9 [mobile-chromium] › tests/e2e/accessibility.spec.ts:22:7 › /check-in has no serious automated accessibility violations (1.2s)
  ✓   6 [mobile-chromium] › tests/e2e/accessibility.spec.ts:22:7 › /me has no serious automated accessibility violations (1.4s)
  ✓  11 [mobile-chromium] › tests/e2e/core-flow.spec.ts:127:5 › chat privacy and options support keyboard focus and dismissal (822ms)
  ✓  15 [mobile-chromium] › tests/e2e/core-flow.spec.ts:290:5 › a reply to a chat that closed elsewhere is not shown as saved (544ms)
  ✓  14 [mobile-chromium] › tests/e2e/core-flow.spec.ts:269:5 › after a reload the chat keeps the feelings the person confirmed, not Luna's guess (838ms)
  ✓  16 [mobile-chromium] › tests/e2e/core-flow.spec.ts:318:5 › support mode puts people first and hides the chat box (393ms)
  ✓  18 [mobile-chromium] › tests/e2e/core-flow.spec.ts:376:5 › journey grows a plant for each check-in and names what helped (433ms)
  ✓  19 [mobile-chromium] › tests/e2e/core-flow.spec.ts:394:5 › the main navigation has three calm destinations (434ms)
  ✓  20 [mobile-chromium] › tests/e2e/core-flow.spec.ts:408:7 › /reflect now leads to /talk (337ms)
  ✓  21 [mobile-chromium] › tests/e2e/core-flow.spec.ts:408:7 › /history now leads to /journey (339ms)
  ✓  22 [mobile-chromium] › tests/e2e/core-flow.spec.ts:408:7 › /patterns now leads to /journey (508ms)
  ✓  23 [mobile-chromium] › tests/e2e/core-flow.spec.ts:408:7 › /privacy now leads to /me (555ms)
(node:49099) Warning: The 'NO_COLOR' env is ignored due to the 'FORCE_COLOR' env being set.
(Use `node --trace-warnings ...` to show where the warning was created)
  ✓  13 [mobile-chromium] › tests/e2e/core-flow.spec.ts:195:5 › a chat goes from a mood tap to one saved small step (2.4s)
(node:49100) Warning: The 'NO_COLOR' env is ignored due to the 'FORCE_COLOR' env being set.
(Use `node --trace-warnings ...` to show where the warning was created)
(node:49101) Warning: The 'NO_COLOR' env is ignored due to the 'FORCE_COLOR' env being set.
(Use `node --trace-warnings ...` to show where the warning was created)
  ✓  17 [mobile-chromium] › tests/e2e/core-flow.spec.ts:350:5 › a check-in records how much the step helped (2.2s)
  ✓  12 [mobile-chromium] › tests/e2e/core-flow.spec.ts:173:5 › a new person meets Luna and chooses how Luna replies (3.0s)
(node:49112) Warning: The 'NO_COLOR' env is ignored due to the 'FORCE_COLOR' env being set.
(Use `node --trace-warnings ...` to show where the warning was created)
(node:49118) Warning: The 'NO_COLOR' env is ignored due to the 'FORCE_COLOR' env being set.
(Use `node --trace-warnings ...` to show where the warning was created)
  ✓  25 [desktop-chromium] › tests/e2e/accessibility.spec.ts:22:7 › /talk has no serious automated accessibility violations (1.1s)
  ✓  24 [desktop-chromium] › tests/e2e/accessibility.spec.ts:22:7 › / has no serious automated accessibility violations (1.4s)
  ✓  26 [desktop-chromium] › tests/e2e/accessibility.spec.ts:22:7 › /journal has no serious automated accessibility violations (1.3s)
  ✓  27 [desktop-chromium] › tests/e2e/accessibility.spec.ts:22:7 › /discover has no serious automated accessibility violations (1.3s)
  ✓  28 [desktop-chromium] › tests/e2e/accessibility.spec.ts:22:7 › /journey has no serious automated accessibility violations (1.3s)
  ✓  30 [desktop-chromium] › tests/e2e/accessibility.spec.ts:22:7 › /welcome has no serious automated accessibility violations (965ms)
  ✓  29 [desktop-chromium] › tests/e2e/accessibility.spec.ts:22:7 › /me has no serious automated accessibility violations (1.5s)
  ✓  31 [desktop-chromium] › tests/e2e/accessibility.spec.ts:22:7 › /login has no serious automated accessibility violations (977ms)
  ✓  33 [desktop-chromium] › tests/e2e/core-flow.spec.ts:99:5 › the chat composer keeps pasted messages within the API's limit (537ms)
  ✓  32 [desktop-chromium] › tests/e2e/accessibility.spec.ts:22:7 › /check-in has no serious automated accessibility violations (1.0s)
  ✓  34 [desktop-chromium] › tests/e2e/core-flow.spec.ts:127:5 › chat privacy and options support keyboard focus and dismissal (920ms)
  ✓  38 [desktop-chromium] › tests/e2e/core-flow.spec.ts:290:5 › a reply to a chat that closed elsewhere is not shown as saved (586ms)
  ✓  37 [desktop-chromium] › tests/e2e/core-flow.spec.ts:269:5 › after a reload the chat keeps the feelings the person confirmed, not Luna's guess (924ms)
  ✓  39 [desktop-chromium] › tests/e2e/core-flow.spec.ts:318:5 › support mode puts people first and hides the chat box (383ms)
  ✓  42 [desktop-chromium] › tests/e2e/core-flow.spec.ts:394:5 › the main navigation has three calm destinations (300ms)
  ✓  41 [desktop-chromium] › tests/e2e/core-flow.spec.ts:376:5 › journey grows a plant for each check-in and names what helped (464ms)
  ✓  43 [desktop-chromium] › tests/e2e/core-flow.spec.ts:408:7 › /reflect now leads to /talk (512ms)
  ✓  44 [desktop-chromium] › tests/e2e/core-flow.spec.ts:408:7 › /history now leads to /journey (486ms)
  ✓  45 [desktop-chromium] › tests/e2e/core-flow.spec.ts:408:7 › /patterns now leads to /journey (514ms)
  ✓  36 [desktop-chromium] › tests/e2e/core-flow.spec.ts:195:5 › a chat goes from a mood tap to one saved small step (2.4s)
  ✓  46 [desktop-chromium] › tests/e2e/core-flow.spec.ts:408:7 › /privacy now leads to /me (495ms)
  ✓  35 [desktop-chromium] › tests/e2e/core-flow.spec.ts:173:5 › a new person meets Luna and chooses how Luna replies (2.9s)
  ✓  40 [desktop-chromium] › tests/e2e/core-flow.spec.ts:350:5 › a check-in records how much the step helped (2.3s)

  46 passed (13.7s)
