Vercel CLI 62.7.0
Deploying journalpulse
Uploading [--------------------] (0.0B/327.8KB)
Uploading [=====---------------] (85.5KB/327.8KB)
Uploading [==========----------] (165.0KB/327.8KB)
Uploading [===============-----] (249.9KB/327.8KB)
Uploading [====================] (327.8KB/327.8KB)
  Inspect         https://vercel.com/yusenrong46-9212s-projects/journalpulse/7f4BEnYoAtk3J5VeBpNk8okSxtNs
▲ Production      https://journalpulse-lm1sepzwm-yusenrong46-9212s-projects.vercel.app
Building…
Building…
Running build in Washington, D.C., USA (East) – iad1
Build machine configuration: 2 cores, 8 GB
Retrieving list of deployment files...
Downloading 159 deployment files...
Restored build cache from previous deployment (2aeVamZ4VSEuyErPGiGnkfoYy5tF)
Running "vercel build"
Vercel CLI 62.1.0
Using Python 3.12 from .python-version
Using uv 0.10.11
Installing required dependencies from uv.lock...
Executing: python scripts/build_vercel_web.py
npm warn deprecated eslint@9.39.5: This version is no longer supported. Please see https://eslint.org/version-support for other options.
added 460 packages, and audited 461 packages in 15s
173 packages are looking for funding
run `npm fund` for details
5 high severity vulnerabilities
To address all issues (including breaking changes), run:
npm audit fix --force
Run `npm audit` for details.
npm warn install-scripts 1 package has install scripts not yet covered by allowScripts:
npm warn install-scripts   unrs-resolver@1.12.2 (postinstall: node postinstall.js)
npm warn install-scripts
npm warn install-scripts Run `npm install-scripts ls` to review, or `npm install-scripts approve <pkg>` to allow.
> journalpulse-web@1.0.0 build
> next build
▲ Next.js 16.3.8 (Turbopack)
✓ Running next.config.ts took 51ms
Attention: Next.js now collects completely anonymous telemetry regarding usage.
This information is used to shape Next.js' roadmap and prioritize features.
You can learn more, including how to opt-out if you'd not like to participate in this anonymous program, by visiting the following URL:
https://nextjs.org/telemetry
- Experiments (use with caution):
✓ inlineCss
Creating an optimized production build ...
✓ Compiled successfully in 4.7s
Running TypeScript ...
Finished TypeScript in 5.6s ...
Collecting page data using 1 worker ...
Generating static pages using 1 worker (0/18) ...
Generating static pages using 1 worker (4/18)
Generating static pages using 1 worker (8/18)
Generating static pages using 1 worker (13/18)
✓ Generating static pages using 1 worker (18/18) in 590ms
Finalizing page optimization ...
Route (app)
┌ ○ /
├ ○ /_not-found
├ ○ /action
├ ○ /check-in
├ ○ /discover
├ ○ /history
├ ○ /icon.svg
├ ○ /journal
├ ○ /journey
├ ○ /login
├ ○ /manifest.webmanifest
├ ○ /me
├ ○ /patterns
├ ○ /privacy
├ ○ /reflect
├ ○ /talk
└ ○ /welcome
○  (Static)  prerendered as static content
Compiling Python bytecode...
Build Completed in /vercel/output [35s]
Deploying outputs...
[2K[1A[2K[G▲ Production      https://journalpulse-lm1sepzwm-yusenrong46-9212s-projects.vercel.app
Completing…
▲ Aliased         https://journalpulse-yusenrong46-9212s-projects.vercel.app
{
  "status": "ok",
  "deployment": {
    "id": "dpl_7f4BEnYoAtk3J5VeBpNk8okSxtNs",
    "url": "https://journalpulse-lm1sepzwm-yusenrong46-9212s-projects.vercel.app",
    "productionUrl": "https://journalpulse-yusenrong46-9212s-projects.vercel.app",
    "inspectorUrl": "https://vercel.com/yusenrong46-9212s-projects/journalpulse/7f4BEnYoAtk3J5VeBpNk8okSxtNs",
    "readyState": "READY",
    "target": "production",
    "deploymentApiUrl": "https://api.vercel.com/v13/deployments/dpl_7f4BEnYoAtk3J5VeBpNk8okSxtNs",
    "buildMachine": {
      "cores": 2,
      "memory": 8192,
      "machine": "basic",
      "selectionType": "fixed",
      "selectionSource": "plan-default"
    },
    "deploymentProtection": [
      "vercel_authentication"
    ]
  },
  "message": "Deployment journalpulse-lm1sepzwm-yusenrong46-9212s-projects.vercel.app ready. Production URL: https://journalpulse-yusenrong46-9212s-projects.vercel.app",
  "next": [
    {
      "command": "vercel curl https://journalpulse-yusenrong46-9212s-projects.vercel.app",
      "when": "Verify deployment, including when Deployment Protection is enabled"
    },
    {
      "command": "vercel inspect journalpulse-lm1sepzwm-yusenrong46-9212s-projects.vercel.app --scope team_AewB0gNEwKvTOeGFr3718mnG",
      "when": "Inspect deployment"
    },
    {
      "command": "vercel deploy --prod --scope team_AewB0gNEwKvTOeGFr3718mnG",
      "when": "Promote to production"
    }
  ]
}
