
> journalpulse-web@1.0.0 test:e2e
> playwright test


Running 46 tests using 5 workers

  ✓   3 [mobile-chromium] › tests/e2e/accessibility.spec.ts:22:7 › /journey has no serious automated accessibility violations (2.1s)
  ✓   1 [mobile-chromium] › tests/e2e/accessibility.spec.ts:22:7 › /discover has no serious automated accessibility violations (2.1s)
  ✓   4 [mobile-chromium] › tests/e2e/accessibility.spec.ts:22:7 › / has no serious automated accessibility violations (2.1s)
  ✓   2 [mobile-chromium] › tests/e2e/accessibility.spec.ts:22:7 › /journal has no serious automated accessibility violations (2.1s)
  ✓   5 [mobile-chromium] › tests/e2e/accessibility.spec.ts:22:7 › /talk has no serious automated accessibility violations (2.2s)
  ✓  10 [mobile-chromium] › tests/e2e/core-flow.spec.ts:96:5 › the chat composer keeps pasted messages within the API's limit (872ms)
  ✓   9 [mobile-chromium] › tests/e2e/accessibility.spec.ts:22:7 › /check-in has no serious automated accessibility violations (1.7s)
  ✓   7 [mobile-chromium] › tests/e2e/accessibility.spec.ts:22:7 › /welcome has no serious automated accessibility violations (1.7s)
  ✓   6 [mobile-chromium] › tests/e2e/accessibility.spec.ts:22:7 › /me has no serious automated accessibility violations (1.7s)
  ✓   8 [mobile-chromium] › tests/e2e/accessibility.spec.ts:22:7 › /login has no serious automated accessibility violations (1.7s)
  ✓  11 [mobile-chromium] › tests/e2e/core-flow.spec.ts:124:5 › chat privacy and options support keyboard focus and dismissal (826ms)
  ✓  16 [mobile-chromium] › tests/e2e/core-flow.spec.ts:311:5 › support mode puts people first and hides the chat box (616ms)
  ✓  15 [mobile-chromium] › tests/e2e/core-flow.spec.ts:283:5 › a reply to a chat that closed elsewhere is not shown as saved (692ms)
  ✓  18 [mobile-chromium] › tests/e2e/core-flow.spec.ts:369:5 › journey grows a plant for each check-in and names what helped (355ms)
  ✓  19 [mobile-chromium] › tests/e2e/core-flow.spec.ts:386:5 › the main navigation has three calm destinations (261ms)
  ✓  14 [mobile-chromium] › tests/e2e/core-flow.spec.ts:262:5 › after a reload the chat keeps the feelings the person confirmed, not Luna's guess (1.5s)
  ✓  20 [mobile-chromium] › tests/e2e/core-flow.spec.ts:400:7 › /reflect now leads to /talk (313ms)
  ✓  21 [mobile-chromium] › tests/e2e/core-flow.spec.ts:400:7 › /history now leads to /journey (340ms)
  ✓  12 [mobile-chromium] › tests/e2e/core-flow.spec.ts:170:5 › a new person meets Luna and chooses how Luna replies (1.9s)
  ✓  22 [mobile-chromium] › tests/e2e/core-flow.spec.ts:400:7 › /patterns now leads to /journey (337ms)
  ✓  23 [mobile-chromium] › tests/e2e/core-flow.spec.ts:400:7 › /privacy now leads to /me (351ms)
  ✓  17 [mobile-chromium] › tests/e2e/core-flow.spec.ts:343:5 › a check-in records how much the step helped (2.8s)
  ✓  24 [desktop-chromium] › tests/e2e/accessibility.spec.ts:22:7 › / has no serious automated accessibility violations (1.2s)
  ✓  25 [desktop-chromium] › tests/e2e/accessibility.spec.ts:22:7 › /talk has no serious automated accessibility violations (1.2s)
  ✓  26 [desktop-chromium] › tests/e2e/accessibility.spec.ts:22:7 › /journal has no serious automated accessibility violations (1.1s)
  ✓  13 [mobile-chromium] › tests/e2e/core-flow.spec.ts:188:5 › a chat goes from a mood tap to one saved small step (4.6s)
  ✓  27 [desktop-chromium] › tests/e2e/accessibility.spec.ts:22:7 › /journey has no serious automated accessibility violations (1.1s)
  ✓  28 [desktop-chromium] › tests/e2e/accessibility.spec.ts:22:7 › /me has no serious automated accessibility violations (1.1s)
  ✓  29 [desktop-chromium] › tests/e2e/accessibility.spec.ts:22:7 › /welcome has no serious automated accessibility violations (978ms)
  ✓  30 [desktop-chromium] › tests/e2e/accessibility.spec.ts:22:7 › /discover has no serious automated accessibility violations (1.1s)
  ✓  32 [desktop-chromium] › tests/e2e/core-flow.spec.ts:96:5 › the chat composer keeps pasted messages within the API's limit (478ms)
  ✓  31 [desktop-chromium] › tests/e2e/accessibility.spec.ts:22:7 › /check-in has no serious automated accessibility violations (1.1s)
  ✓  33 [desktop-chromium] › tests/e2e/core-flow.spec.ts:124:5 › chat privacy and options support keyboard focus and dismissal (976ms)
  ✓  38 [desktop-chromium] › tests/e2e/core-flow.spec.ts:283:5 › a reply to a chat that closed elsewhere is not shown as saved (462ms)
  ✓  34 [desktop-chromium] › tests/e2e/accessibility.spec.ts:22:7 › /login has no serious automated accessibility violations (1.3s)
  ✓  39 [desktop-chromium] › tests/e2e/core-flow.spec.ts:311:5 › support mode puts people first and hides the chat box (474ms)
  ✓  41 [desktop-chromium] › tests/e2e/core-flow.spec.ts:369:5 › journey grows a plant for each check-in and names what helped (331ms)
  ✓  37 [desktop-chromium] › tests/e2e/core-flow.spec.ts:262:5 › after a reload the chat keeps the feelings the person confirmed, not Luna's guess (1.4s)
  ✓  35 [desktop-chromium] › tests/e2e/core-flow.spec.ts:170:5 › a new person meets Luna and chooses how Luna replies (2.0s)
  ✓  42 [desktop-chromium] › tests/e2e/core-flow.spec.ts:386:5 › the main navigation has three calm destinations (487ms)
  ✓  43 [desktop-chromium] › tests/e2e/core-flow.spec.ts:400:7 › /reflect now leads to /talk (536ms)
  ✓  44 [desktop-chromium] › tests/e2e/core-flow.spec.ts:400:7 › /history now leads to /journey (532ms)
  ✓  45 [desktop-chromium] › tests/e2e/core-flow.spec.ts:400:7 › /patterns now leads to /journey (384ms)
  ✓  46 [desktop-chromium] › tests/e2e/core-flow.spec.ts:400:7 › /privacy now leads to /me (360ms)
  ✓  40 [desktop-chromium] › tests/e2e/core-flow.spec.ts:343:5 › a check-in records how much the step helped (1.8s)
  ✓  36 [desktop-chromium] › tests/e2e/core-flow.spec.ts:188:5 › a chat goes from a mood tap to one saved small step (4.7s)

  46 passed (15.9s)
